[2025-11-03 08:16:54] ✅ Loaded data: 701 audio files
[2025-11-03 08:16:54] ✅ Output directories created
[2025-11-03 08:16:54] 📚 Processing 4 books...
[2025-11-03 08:16:54] 
📖 Processing MAT (28 chapters)...
[2025-11-03 08:16:54] ✅ Created: MAT_1_en_alignment.json (25 verses, 315 words)
[2025-11-03 08:16:54] ✅ Created: MAT_1_fa_alignment.json (25 verses, 285 words)
[2025-11-03 08:16:54] ✅ Created: MAT_2_en_alignment.json (23 verses, 513 words)
[2025-11-03 08:16:54] ✅ Created: MAT_2_fa_alignment.json (23 verses, 471 words)
[2025-11-03 08:16:54] ✅ Created: MAT_3_en_alignment.json (17 verses, 359 words)
[2025-11-03 08:16:54] ✅ Created: MAT_3_fa_alignment.json (17 verses, 334 words)
[2025-11-03 08:16:54] ✅ Created: MAT_4_en_alignment.json (25 verses, 426 words)
[2025-11-03 08:16:54] ✅ Created: MAT_4_fa_alignment.json (25 verses, 393 words)
[2025-11-03 08:16:54] ✅ Created: MAT_5_en_alignment.json (48 verses, 970 words)
[2025-11-03 08:16:54] ✅ Created: MAT_5_fa_alignment.json (48 verses, 905 words)
[2025-11-03 08:16:54] ✅ Created: MAT_6_en_alignment.json (34 verses, 741 words)
[2025-11-03 08:16:54] ✅ Created: MAT_6_fa_alignment.json (34 verses, 669 words)
[2025-11-03 08:16:54] ✅ Created: MAT_7_en_alignment.json (29 verses, 604 words)
[2025-11-03 08:16:54] ✅ Created: MAT_7_fa_alignment.json (29 verses, 553 words)
[2025-11-03 08:16:54] ✅ Created: MAT_8_en_alignment.json (34 verses, 715 words)
[2025-11-03 08:16:54] ✅ Created: MAT_8_fa_alignment.json (34 verses, 672 words)
[2025-11-03 08:16:54] ✅ Created: MAT_9_en_alignment.json (38 verses, 791 words)
[2025-11-03 08:16:54] ✅ Created: MAT_9_fa_alignment.json (38 verses, 734 words)
[2025-11-03 08:16:54] ✅ Created: MAT_10_en_alignment.json (42 verses, 851 words)
[2025-11-03 08:16:54] ✅ Created: MAT_10_fa_alignment.json (42 verses, 799 words)
[2025-11-03 08:16:54] ✅ Created: MAT_11_en_alignment.json (30 verses, 613 words)
[2025-11-03 08:16:54] ✅ Created: MAT_11_fa_alignment.json (30 verses, 556 words)
[2025-11-03 08:16:54] ✅ Created: MAT_12_en_alignment.json (50 verses, 1094 words)
[2025-11-03 08:16:54] ✅ Created: MAT_12_fa_alignment.json (50 verses, 993 words)
[2025-11-03 08:16:54] ✅ Created: MAT_13_en_alignment.json (58 verses, 1182 words)
[2025-11-03 08:16:54] ✅ Created: MAT_13_fa_alignment.json (58 verses, 1071 words)
[2025-11-03 08:16:54] ✅ Created: MAT_14_en_alignment.json (36 verses, 667 words)
[2025-11-03 08:16:54] ✅ Created: MAT_14_fa_alignment.json (36 verses, 632 words)
[2025-11-03 08:16:54] ✅ Created: MAT_15_en_alignment.json (39 verses, 741 words)
[2025-11-03 08:16:54] ✅ Created: MAT_15_fa_alignment.json (39 verses, 683 words)
[2025-11-03 08:16:54] ✅ Created: MAT_16_en_alignment.json (28 verses, 633 words)
[2025-11-03 08:16:54] ✅ Created: MAT_16_fa_alignment.json (28 verses, 582 words)
[2025-11-03 08:16:54] ✅ Created: MAT_17_en_alignment.json (27 verses, 607 words)
[2025-11-03 08:16:54] ✅ Created: MAT_17_fa_alignment.json (27 verses, 566 words)
[2025-11-03 08:16:54] ✅ Created: MAT_18_en_alignment.json (35 verses, 829 words)
[2025-11-03 08:16:54] ✅ Created: MAT_18_fa_alignment.json (35 verses, 789 words)
[2025-11-03 08:16:54] ✅ Created: MAT_19_en_alignment.json (30 verses, 652 words)
[2025-11-03 08:16:54] ✅ Created: MAT_19_fa_alignment.json (30 verses, 619 words)
[2025-11-03 08:16:54] ✅ Created: MAT_20_en_alignment.json (34 verses, 735 words)
[2025-11-03 08:16:54] ✅ Created: MAT_20_fa_alignment.json (34 verses, 692 words)
[2025-11-03 08:16:54] ✅ Created: MAT_21_en_alignment.json (46 verses, 998 words)
[2025-11-03 08:16:54] ✅ Created: MAT_21_fa_alignment.json (46 verses, 920 words)
[2025-11-03 08:16:54] ✅ Created: MAT_22_en_alignment.json (46 verses, 804 words)
[2025-11-03 08:16:54] ✅ Created: MAT_22_fa_alignment.json (46 verses, 746 words)
[2025-11-03 08:16:55] ✅ Created: MAT_23_en_alignment.json (38 verses, 860 words)
[2025-11-03 08:16:55] ✅ Created: MAT_23_fa_alignment.json (38 verses, 777 words)
[2025-11-03 08:16:55] ✅ Created: MAT_24_en_alignment.json (51 verses, 934 words)
[2025-11-03 08:16:55] ✅ Created: MAT_24_fa_alignment.json (51 verses, 884 words)
[2025-11-03 08:16:55] ✅ Created: MAT_25_en_alignment.json (46 verses, 931 words)
[2025-11-03 08:16:55] ✅ Created: MAT_25_fa_alignment.json (46 verses, 886 words)
[2025-11-03 08:16:55] ✅ Created: MAT_26_en_alignment.json (75 verses, 1521 words)
[2025-11-03 08:16:55] ✅ Created: MAT_26_fa_alignment.json (75 verses, 1426 words)
[2025-11-03 08:16:55] ✅ Created: MAT_27_en_alignment.json (66 verses, 1288 words)
[2025-11-03 08:16:55] ✅ Created: MAT_27_fa_alignment.json (66 verses, 1190 words)
[2025-11-03 08:16:55] ✅ Created: MAT_28_en_alignment.json (20 verses, 419 words)
[2025-11-03 08:16:55] ✅ Created: MAT_28_fa_alignment.json (20 verses, 399 words)
[2025-11-03 08:16:55] 
📖 Processing MRK (16 chapters)...
[2025-11-03 08:16:55] ✅ Created: MRK_1_en_alignment.json (45 verses, 848 words)
[2025-11-03 08:16:55] ✅ Created: MRK_1_fa_alignment.json (45 verses, 785 words)
[2025-11-03 08:16:55] ✅ Created: MRK_2_en_alignment.json (28 verses, 668 words)
[2025-11-03 08:16:55] ✅ Created: MRK_2_fa_alignment.json (28 verses, 603 words)
[2025-11-03 08:16:55] ✅ Created: MRK_3_en_alignment.json (35 verses, 679 words)
[2025-11-03 08:16:55] ✅ Created: MRK_3_fa_alignment.json (35 verses, 619 words)
[2025-11-03 08:16:55] ✅ Created: MRK_4_en_alignment.json (41 verses, 821 words)
[2025-11-03 08:16:55] ✅ Created: MRK_4_fa_alignment.json (41 verses, 742 words)
[2025-11-03 08:16:55] ✅ Created: MRK_5_en_alignment.json (43 verses, 886 words)
[2025-11-03 08:16:55] ✅ Created: MRK_5_fa_alignment.json (43 verses, 848 words)
[2025-11-03 08:16:55] ✅ Created: MRK_6_en_alignment.json (56 verses, 1222 words)
[2025-11-03 08:16:55] ✅ Created: MRK_6_fa_alignment.json (56 verses, 1147 words)
[2025-11-03 08:16:55] ✅ Created: MRK_7_en_alignment.json (37 verses, 752 words)
[2025-11-03 08:16:55] ✅ Created: MRK_7_fa_alignment.json (37 verses, 683 words)
[2025-11-03 08:16:55] ✅ Created: MRK_8_en_alignment.json (38 verses, 810 words)
[2025-11-03 08:16:55] ✅ Created: MRK_8_fa_alignment.json (38 verses, 761 words)
[2025-11-03 08:16:55] ✅ Created: MRK_9_en_alignment.json (50 verses, 1121 words)
[2025-11-03 08:16:55] ✅ Created: MRK_9_fa_alignment.json (50 verses, 1042 words)
[2025-11-03 08:16:55] ✅ Created: MRK_10_en_alignment.json (52 verses, 1118 words)
[2025-11-03 08:16:55] ✅ Created: MRK_10_fa_alignment.json (52 verses, 1053 words)
[2025-11-03 08:16:55] ✅ Created: MRK_11_en_alignment.json (33 verses, 686 words)
[2025-11-03 08:16:55] ✅ Created: MRK_11_fa_alignment.json (33 verses, 640 words)
[2025-11-03 08:16:55] ✅ Created: MRK_12_en_alignment.json (44 verses, 971 words)
[2025-11-03 08:16:55] ✅ Created: MRK_12_fa_alignment.json (44 verses, 903 words)
[2025-11-03 08:16:55] ✅ Created: MRK_13_en_alignment.json (37 verses, 739 words)
[2025-11-03 08:16:55] ✅ Created: MRK_13_fa_alignment.json (37 verses, 693 words)
[2025-11-03 08:16:55] ✅ Created: MRK_14_en_alignment.json (72 verses, 1528 words)
[2025-11-03 08:16:55] ✅ Created: MRK_14_fa_alignment.json (72 verses, 1420 words)
[2025-11-03 08:16:55] ✅ Created: MRK_15_en_alignment.json (47 verses, 918 words)
[2025-11-03 08:16:55] ✅ Created: MRK_15_fa_alignment.json (47 verses, 845 words)
[2025-11-03 08:16:55] ✅ Created: MRK_16_en_alignment.json (20 verses, 460 words)
[2025-11-03 08:16:55] ✅ Created: MRK_16_fa_alignment.json (20 verses, 436 words)
[2025-11-03 08:16:55] 
📖 Processing LUK (24 chapters)...
[2025-11-03 08:16:55] ✅ Created: LUK_1_en_alignment.json (80 verses, 1267 words)
[2025-11-03 08:16:55] ✅ Created: LUK_1_fa_alignment.json (80 verses, 1173 words)
[2025-11-03 08:16:55] ✅ Created: LUK_2_en_alignment.json (52 verses, 989 words)
[2025-11-03 08:16:55] ✅ Created: LUK_2_fa_alignment.json (52 verses, 911 words)
[2025-11-03 08:16:55] ✅ Created: LUK_3_en_alignment.json (38 verses, 687 words)
[2025-11-03 08:16:55] ✅ Created: LUK_3_fa_alignment.json (38 verses, 585 words)
[2025-11-03 08:16:55] ✅ Created: LUK_4_en_alignment.json (44 verses, 843 words)
[2025-11-03 08:16:55] ✅ Created: LUK_4_fa_alignment.json (44 verses, 776 words)
[2025-11-03 08:16:55] ✅ Created: LUK_5_en_alignment.json (39 verses, 936 words)
[2025-11-03 08:16:55] ✅ Created: LUK_5_fa_alignment.json (39 verses, 863 words)
[2025-11-03 08:16:55] ✅ Created: LUK_6_en_alignment.json (49 verses, 1099 words)
[2025-11-03 08:16:55] ✅ Created: LUK_6_fa_alignment.json (49 verses, 997 words)
[2025-11-03 08:16:55] ✅ Created: LUK_7_en_alignment.json (50 verses, 1074 words)
[2025-11-03 08:16:55] ✅ Created: LUK_7_fa_alignment.json (50 verses, 997 words)
[2025-11-03 08:16:55] ✅ Created: LUK_8_en_alignment.json (56 verses, 1304 words)
[2025-11-03 08:16:55] ✅ Created: LUK_8_fa_alignment.json (56 verses, 1220 words)
[2025-11-03 08:16:55] ✅ Created: LUK_9_en_alignment.json (62 verses, 1405 words)
[2025-11-03 08:16:55] ✅ Created: LUK_9_fa_alignment.json (62 verses, 1317 words)
[2025-11-03 08:16:55] ✅ Created: LUK_10_en_alignment.json (42 verses, 978 words)
[2025-11-03 08:16:55] ✅ Created: LUK_10_fa_alignment.json (42 verses, 915 words)
[2025-11-03 08:16:55] ✅ Created: LUK_11_en_alignment.json (54 verses, 1236 words)
[2025-11-03 08:16:55] ✅ Created: LUK_11_fa_alignment.json (54 verses, 1132 words)
[2025-11-03 08:16:55] ✅ Created: LUK_12_en_alignment.json (59 verses, 1266 words)
[2025-11-03 08:16:55] ✅ Created: LUK_12_fa_alignment.json (59 verses, 1183 words)
[2025-11-03 08:16:55] ✅ Created: LUK_13_en_alignment.json (35 verses, 808 words)
[2025-11-03 08:16:55] ✅ Created: LUK_13_fa_alignment.json (35 verses, 738 words)
[2025-11-03 08:16:55] ✅ Created: LUK_14_en_alignment.json (35 verses, 758 words)
[2025-11-03 08:16:55] ✅ Created: LUK_14_fa_alignment.json (35 verses, 704 words)
[2025-11-03 08:16:55] ✅ Created: LUK_15_en_alignment.json (32 verses, 688 words)
[2025-11-03 08:16:55] ✅ Created: LUK_15_fa_alignment.json (32 verses, 644 words)
[2025-11-03 08:16:55] ✅ Created: LUK_16_en_alignment.json (31 verses, 744 words)
[2025-11-03 08:16:56] ✅ Created: LUK_16_fa_alignment.json (31 verses, 705 words)
[2025-11-03 08:16:56] ✅ Created: LUK_17_en_alignment.json (37 verses, 696 words)
[2025-11-03 08:16:56] ✅ Created: LUK_17_fa_alignment.json (37 verses, 654 words)
[2025-11-03 08:16:56] ✅ Created: LUK_18_en_alignment.json (43 verses, 841 words)
[2025-11-03 08:16:56] ✅ Created: LUK_18_fa_alignment.json (43 verses, 781 words)
[2025-11-03 08:16:56] ✅ Created: LUK_19_en_alignment.json (48 verses, 950 words)
[2025-11-03 08:16:56] ✅ Created: LUK_19_fa_alignment.json (48 verses, 875 words)
[2025-11-03 08:16:56] ✅ Created: LUK_20_en_alignment.json (47 verses, 860 words)
[2025-11-03 08:16:56] ✅ Created: LUK_20_fa_alignment.json (47 verses, 800 words)
[2025-11-03 08:16:56] ✅ Created: LUK_21_en_alignment.json (38 verses, 733 words)
[2025-11-03 08:16:56] ✅ Created: LUK_21_fa_alignment.json (38 verses, 687 words)
[2025-11-03 08:16:56] ✅ Created: LUK_22_en_alignment.json (71 verses, 1298 words)
[2025-11-03 08:16:56] ✅ Created: LUK_22_fa_alignment.json (71 verses, 1210 words)
[2025-11-03 08:16:56] ✅ Created: LUK_23_en_alignment.json (56 verses, 1118 words)
[2025-11-03 08:16:56] ✅ Created: LUK_23_fa_alignment.json (56 verses, 1036 words)
[2025-11-03 08:16:56] ✅ Created: LUK_24_en_alignment.json (53 verses, 982 words)
[2025-11-03 08:16:56] ✅ Created: LUK_24_fa_alignment.json (53 verses, 916 words)
[2025-11-03 08:16:56] 
📖 Processing JHN (21 chapters)...
[2025-11-03 08:16:56] ✅ Created: JHN_1_en_alignment.json (51 verses, 1003 words)
[2025-11-03 08:16:56] ✅ Created: JHN_1_fa_alignment.json (51 verses, 923 words)
[2025-11-03 08:16:56] ✅ Created: JHN_2_en_alignment.json (25 verses, 495 words)
[2025-11-03 08:16:56] ✅ Created: JHN_2_fa_alignment.json (25 verses, 464 words)
[2025-11-03 08:16:56] ✅ Created: JHN_3_en_alignment.json (36 verses, 797 words)
[2025-11-03 08:16:56] ✅ Created: JHN_3_fa_alignment.json (36 verses, 719 words)
[2025-11-03 08:16:56] ✅ Created: JHN_4_en_alignment.json (54 verses, 1043 words)
[2025-11-03 08:16:56] ✅ Created: JHN_4_fa_alignment.json (54 verses, 957 words)
[2025-11-03 08:16:56] ✅ Created: JHN_5_en_alignment.json (47 verses, 1004 words)
[2025-11-03 08:16:56] ✅ Created: JHN_5_fa_alignment.json (47 verses, 910 words)
[2025-11-03 08:16:56] ✅ Created: JHN_6_en_alignment.json (71 verses, 1443 words)
[2025-11-03 08:16:56] ✅ Created: JHN_6_fa_alignment.json (71 verses, 1336 words)
[2025-11-03 08:16:56] ✅ Created: JHN_7_en_alignment.json (53 verses, 1039 words)
[2025-11-03 08:16:56] ✅ Created: JHN_7_fa_alignment.json (53 verses, 944 words)
[2025-11-03 08:16:56] ✅ Created: JHN_8_en_alignment.json (59 verses, 1266 words)
[2025-11-03 08:16:56] ✅ Created: JHN_8_fa_alignment.json (59 verses, 1162 words)
[2025-11-03 08:16:56] ✅ Created: JHN_9_en_alignment.json (41 verses, 797 words)
[2025-11-03 08:16:56] ✅ Created: JHN_9_fa_alignment.json (41 verses, 735 words)
[2025-11-03 08:16:56] ✅ Created: JHN_10_en_alignment.json (42 verses, 834 words)
[2025-11-03 08:16:56] ✅ Created: JHN_10_fa_alignment.json (42 verses, 753 words)
[2025-11-03 08:16:56] ✅ Created: JHN_11_en_alignment.json (57 verses, 1080 words)
[2025-11-03 08:16:56] ✅ Created: JHN_11_fa_alignment.json (57 verses, 983 words)
[2025-11-03 08:16:56] ✅ Created: JHN_12_en_alignment.json (50 verses, 1010 words)
[2025-11-03 08:16:56] ✅ Created: JHN_12_fa_alignment.json (50 verses, 937 words)
[2025-11-03 08:16:56] ✅ Created: JHN_13_en_alignment.json (38 verses, 843 words)
[2025-11-03 08:16:56] ✅ Created: JHN_13_fa_alignment.json (38 verses, 783 words)
[2025-11-03 08:16:56] ✅ Created: JHN_14_en_alignment.json (31 verses, 744 words)
[2025-11-03 08:16:56] ✅ Created: JHN_14_fa_alignment.json (31 verses, 682 words)
[2025-11-03 08:16:56] ✅ Created: JHN_15_en_alignment.json (27 verses, 609 words)
[2025-11-03 08:16:56] ✅ Created: JHN_15_fa_alignment.json (27 verses, 556 words)
[2025-11-03 08:16:56] ✅ Created: JHN_16_en_alignment.json (33 verses, 791 words)
[2025-11-03 08:16:56] ✅ Created: JHN_16_fa_alignment.json (33 verses, 736 words)
[2025-11-03 08:16:56] ✅ Created: JHN_17_en_alignment.json (26 verses, 638 words)
[2025-11-03 08:16:56] ✅ Created: JHN_17_fa_alignment.json (26 verses, 589 words)
[2025-11-03 08:16:56] ✅ Created: JHN_18_en_alignment.json (40 verses, 887 words)
[2025-11-03 08:16:56] ✅ Created: JHN_18_fa_alignment.json (40 verses, 826 words)
[2025-11-03 08:16:56] ✅ Created: JHN_19_en_alignment.json (42 verses, 960 words)
[2025-11-03 08:16:56] ✅ Created: JHN_19_fa_alignment.json (42 verses, 892 words)
[2025-11-03 08:16:56] ✅ Created: JHN_20_en_alignment.json (31 verses, 711 words)
[2025-11-03 08:16:56] ✅ Created: JHN_20_fa_alignment.json (31 verses, 668 words)
[2025-11-03 08:16:56] ✅ Created: JHN_21_en_alignment.json (25 verses, 701 words)
[2025-11-03 08:16:56] ✅ Created: JHN_21_fa_alignment.json (25 verses, 644 words)
[2025-11-03 08:16:56] 
============================================================
[2025-11-03 08:16:56] ✅ Conversion Complete!
[2025-11-03 08:16:56] 📊 Stats:
[2025-11-03 08:16:56]    Chapters processed: 89
[2025-11-03 08:16:56]    Audio mappings created: 178
[2025-11-03 08:16:56]    Alignment files created: 178
[2025-11-03 08:16:56]    Errors: 0